MO Gen_Note NULL Gen_Note.v vlg53/_gen___note.bin 1478658377
MO SquareGraph NULL SquareGraph.v vlg2F/_square_graph.bin 1478826467
MO Play_Graph NULL Play_Graph.v vlg07/_play___graph.bin 1478826467
MO RecHilight NULL RecHilight.v vlg47/_rec_hilight.bin 1478826467
MO Letter_Graph NULL Letter_Graph.v vlg11/_letter___graph.bin 1478830039
